---
http_interactions:
- request:
    method: get
    uri: https://horizon-testnet.stellar.org/
    body:
      encoding: US-ASCII
      string: ''
    headers:
      User-Agent:
      - Faraday v0.15.0
      Accept:
      - application/hal+json,application/problem+json,application/json
  response:
    status:
      code: 200
      message: OK
    headers:
      Date:
      - Thu, 14 Jun 2018 09:24:02 GMT
      Content-Type:
      - application/hal+json; charset=utf-8
      Connection:
      - keep-alive
      Set-Cookie:
      - __cfduid=df163df0640ddaa69550f1d21a563528e1528968242; expires=Fri, 14-Jun-19
        09:24:02 GMT; path=/; domain=.stellar.org; HttpOnly
      Content-Disposition:
      - inline
      Vary:
      - Origin
      X-Ratelimit-Limit:
      - '17200'
      X-Ratelimit-Remaining:
      - '17181'
      X-Ratelimit-Reset:
      - '1550'
      Expect-Ct:
      - max-age=604800, report-uri="https://report-uri.cloudflare.com/cdn-cgi/beacon/expect-ct"
      Server:
      - cloudflare
      Cf-Ray:
      - 42abbdd98c4a9011-DME
    body:
      encoding: UTF-8
      string: |-
        {
          "_links": {
            "account": {
              "href": "https://horizon-testnet.stellar.org/accounts/{account_id}",
              "templated": true
            },
            "account_transactions": {
              "href": "https://horizon-testnet.stellar.org/accounts/{account_id}/transactions{?cursor,limit,order}",
              "templated": true
            },
            "assets": {
              "href": "https://horizon-testnet.stellar.org/assets{?asset_code,asset_issuer,cursor,limit,order}",
              "templated": true
            },
            "friendbot": {
              "href": "https://horizon-testnet.stellar.org/friendbot{?addr}",
              "templated": true
            },
            "metrics": {
              "href": "https://horizon-testnet.stellar.org/metrics"
            },
            "order_book": {
              "href": "https://horizon-testnet.stellar.org/order_book{?selling_asset_type,selling_asset_code,selling_issuer,buying_asset_type,buying_asset_code,buying_issuer,limit}",
              "templated": true
            },
            "self": {
              "href": "https://horizon-testnet.stellar.org/"
            },
            "transaction": {
              "href": "https://horizon-testnet.stellar.org/transactions/{hash}",
              "templated": true
            },
            "transactions": {
              "href": "https://horizon-testnet.stellar.org/transactions{?cursor,limit,order}",
              "templated": true
            }
          },
          "horizon_version": "snapshot-1bf713b",
          "core_version": "stellar-core 9.2.0rc6 (b0923f153b86d394a83b2a619db6b23f07ed0700)",
          "history_latest_ledger": 9492006,
          "history_elder_ledger": 1,
          "core_latest_ledger": 9492006,
          "network_passphrase": "Test SDF Network ; September 2015",
          "protocol_version": 9
        }
    http_version: 
  recorded_at: Thu, 14 Jun 2018 09:24:02 GMT
- request:
    method: get
    uri: https://horizon-testnet.stellar.org/accounts/GBG4NNZZNVSCQ4SZETMHY6NJUZRMZJ27IPC4UX53LEUVKVRARFETTR4H
    body:
      encoding: US-ASCII
      string: ''
    headers:
      User-Agent:
      - Faraday v0.15.0
      Accept:
      - application/hal+json,application/problem+json,application/json
  response:
    status:
      code: 200
      message: OK
    headers:
      Date:
      - Thu, 14 Jun 2018 09:24:03 GMT
      Content-Type:
      - application/hal+json; charset=utf-8
      Connection:
      - keep-alive
      Set-Cookie:
      - __cfduid=d8581056ed2cfcb1caabe93794f04df101528968243; expires=Fri, 14-Jun-19
        09:24:03 GMT; path=/; domain=.stellar.org; HttpOnly
      Content-Disposition:
      - inline
      Vary:
      - Origin
      X-Ratelimit-Limit:
      - '17200'
      X-Ratelimit-Remaining:
      - '17180'
      X-Ratelimit-Reset:
      - '1549'
      Expect-Ct:
      - max-age=604800, report-uri="https://report-uri.cloudflare.com/cdn-cgi/beacon/expect-ct"
      Server:
      - cloudflare
      Cf-Ray:
      - 42abbddeb91b903b-DME
    body:
      encoding: UTF-8
      string: |-
        {
          "_links": {
            "self": {
              "href": "https://horizon-testnet.stellar.org/accounts/GBG4NNZZNVSCQ4SZETMHY6NJUZRMZJ27IPC4UX53LEUVKVRARFETTR4H"
            },
            "transactions": {
              "href": "https://horizon-testnet.stellar.org/accounts/GBG4NNZZNVSCQ4SZETMHY6NJUZRMZJ27IPC4UX53LEUVKVRARFETTR4H/transactions{?cursor,limit,order}",
              "templated": true
            },
            "operations": {
              "href": "https://horizon-testnet.stellar.org/accounts/GBG4NNZZNVSCQ4SZETMHY6NJUZRMZJ27IPC4UX53LEUVKVRARFETTR4H/operations{?cursor,limit,order}",
              "templated": true
            },
            "payments": {
              "href": "https://horizon-testnet.stellar.org/accounts/GBG4NNZZNVSCQ4SZETMHY6NJUZRMZJ27IPC4UX53LEUVKVRARFETTR4H/payments{?cursor,limit,order}",
              "templated": true
            },
            "effects": {
              "href": "https://horizon-testnet.stellar.org/accounts/GBG4NNZZNVSCQ4SZETMHY6NJUZRMZJ27IPC4UX53LEUVKVRARFETTR4H/effects{?cursor,limit,order}",
              "templated": true
            },
            "offers": {
              "href": "https://horizon-testnet.stellar.org/accounts/GBG4NNZZNVSCQ4SZETMHY6NJUZRMZJ27IPC4UX53LEUVKVRARFETTR4H/offers{?cursor,limit,order}",
              "templated": true
            },
            "trades": {
              "href": "https://horizon-testnet.stellar.org/accounts/GBG4NNZZNVSCQ4SZETMHY6NJUZRMZJ27IPC4UX53LEUVKVRARFETTR4H/trades{?cursor,limit,order}",
              "templated": true
            },
            "data": {
              "href": "https://horizon-testnet.stellar.org/accounts/GBG4NNZZNVSCQ4SZETMHY6NJUZRMZJ27IPC4UX53LEUVKVRARFETTR4H/data/{key}",
              "templated": true
            }
          },
          "id": "GBG4NNZZNVSCQ4SZETMHY6NJUZRMZJ27IPC4UX53LEUVKVRARFETTR4H",
          "paging_token": "",
          "account_id": "GBG4NNZZNVSCQ4SZETMHY6NJUZRMZJ27IPC4UX53LEUVKVRARFETTR4H",
          "sequence": "36410250244390918",
          "subentry_count": 1,
          "thresholds": {
            "low_threshold": 0,
            "med_threshold": 0,
            "high_threshold": 0
          },
          "flags": {
            "auth_required": false,
            "auth_revocable": false
          },
          "balances": [
            {
              "balance": "995.0000000",
              "limit": "922337203685.0000000",
              "asset_type": "credit_alphanum4",
              "asset_code": "MOBI",
              "asset_issuer": "GDRWBLJURXUKM4RWDZDTPJNX6XBYFO3PSE4H4GPUL6H6RCUQVKTSD4AT"
            },
            {
              "balance": "9999.9999400",
              "asset_type": "native"
            }
          ],
          "signers": [
            {
              "weight": 1,
              "key": "GBG4NNZZNVSCQ4SZETMHY6NJUZRMZJ27IPC4UX53LEUVKVRARFETTR4H",
              "type": "ed25519_public_key"
            }
          ],
          "data": {}
        }
    http_version: 
  recorded_at: Thu, 14 Jun 2018 09:24:03 GMT
- request:
    method: get
    uri: https://horizon-testnet.stellar.org/accounts/GBTYV66THKPJR4UU5ZHONLRZJKWGGVOCYWVYOTWKJU75VN54K26C5VYG
    body:
      encoding: US-ASCII
      string: ''
    headers:
      User-Agent:
      - Faraday v0.15.0
      Accept:
      - application/hal+json,application/problem+json,application/json
  response:
    status:
      code: 200
      message: OK
    headers:
      Date:
      - Thu, 14 Jun 2018 09:24:03 GMT
      Content-Type:
      - application/hal+json; charset=utf-8
      Connection:
      - keep-alive
      Set-Cookie:
      - __cfduid=d50bf93c2bebd1393a92eb5022cccefeb1528968243; expires=Fri, 14-Jun-19
        09:24:03 GMT; path=/; domain=.stellar.org; HttpOnly
      Content-Disposition:
      - inline
      Vary:
      - Origin
      X-Ratelimit-Limit:
      - '17200'
      X-Ratelimit-Remaining:
      - '17179'
      X-Ratelimit-Reset:
      - '1549'
      Expect-Ct:
      - max-age=604800, report-uri="https://report-uri.cloudflare.com/cdn-cgi/beacon/expect-ct"
      Server:
      - cloudflare
      Cf-Ray:
      - 42abbde3cffb4e1e-DME
    body:
      encoding: UTF-8
      string: |-
        {
          "_links": {
            "self": {
              "href": "https://horizon-testnet.stellar.org/accounts/GBTYV66THKPJR4UU5ZHONLRZJKWGGVOCYWVYOTWKJU75VN54K26C5VYG"
            },
            "transactions": {
              "href": "https://horizon-testnet.stellar.org/accounts/GBTYV66THKPJR4UU5ZHONLRZJKWGGVOCYWVYOTWKJU75VN54K26C5VYG/transactions{?cursor,limit,order}",
              "templated": true
            },
            "operations": {
              "href": "https://horizon-testnet.stellar.org/accounts/GBTYV66THKPJR4UU5ZHONLRZJKWGGVOCYWVYOTWKJU75VN54K26C5VYG/operations{?cursor,limit,order}",
              "templated": true
            },
            "payments": {
              "href": "https://horizon-testnet.stellar.org/accounts/GBTYV66THKPJR4UU5ZHONLRZJKWGGVOCYWVYOTWKJU75VN54K26C5VYG/payments{?cursor,limit,order}",
              "templated": true
            },
            "effects": {
              "href": "https://horizon-testnet.stellar.org/accounts/GBTYV66THKPJR4UU5ZHONLRZJKWGGVOCYWVYOTWKJU75VN54K26C5VYG/effects{?cursor,limit,order}",
              "templated": true
            },
            "offers": {
              "href": "https://horizon-testnet.stellar.org/accounts/GBTYV66THKPJR4UU5ZHONLRZJKWGGVOCYWVYOTWKJU75VN54K26C5VYG/offers{?cursor,limit,order}",
              "templated": true
            },
            "trades": {
              "href": "https://horizon-testnet.stellar.org/accounts/GBTYV66THKPJR4UU5ZHONLRZJKWGGVOCYWVYOTWKJU75VN54K26C5VYG/trades{?cursor,limit,order}",
              "templated": true
            },
            "data": {
              "href": "https://horizon-testnet.stellar.org/accounts/GBTYV66THKPJR4UU5ZHONLRZJKWGGVOCYWVYOTWKJU75VN54K26C5VYG/data/{key}",
              "templated": true
            }
          },
          "id": "GBTYV66THKPJR4UU5ZHONLRZJKWGGVOCYWVYOTWKJU75VN54K26C5VYG",
          "paging_token": "",
          "account_id": "GBTYV66THKPJR4UU5ZHONLRZJKWGGVOCYWVYOTWKJU75VN54K26C5VYG",
          "sequence": "36410258834325518",
          "subentry_count": 2,
          "thresholds": {
            "low_threshold": 0,
            "med_threshold": 0,
            "high_threshold": 0
          },
          "flags": {
            "auth_required": false,
            "auth_revocable": false
          },
          "balances": [
            {
              "balance": "965.0000000",
              "limit": "922337203685.0000000",
              "asset_type": "credit_alphanum4",
              "asset_code": "MOBI",
              "asset_issuer": "GDRWBLJURXUKM4RWDZDTPJNX6XBYFO3PSE4H4GPUL6H6RCUQVKTSD4AT"
            },
            {
              "balance": "9999.9998400",
              "asset_type": "native"
            }
          ],
          "signers": [
            {
              "weight": 1,
              "key": "GBG4NNZZNVSCQ4SZETMHY6NJUZRMZJ27IPC4UX53LEUVKVRARFETTR4H",
              "type": "ed25519_public_key"
            },
            {
              "weight": 10,
              "key": "GBTYV66THKPJR4UU5ZHONLRZJKWGGVOCYWVYOTWKJU75VN54K26C5VYG",
              "type": "ed25519_public_key"
            }
          ],
          "data": {}
        }
    http_version: 
  recorded_at: Thu, 14 Jun 2018 09:24:03 GMT
- request:
    method: get
    uri: https://horizon-testnet.stellar.org/accounts/GBTYV66THKPJR4UU5ZHONLRZJKWGGVOCYWVYOTWKJU75VN54K26C5VYG
    body:
      encoding: US-ASCII
      string: ''
    headers:
      User-Agent:
      - Faraday v0.15.0
      Accept:
      - application/hal+json,application/problem+json,application/json
  response:
    status:
      code: 200
      message: OK
    headers:
      Date:
      - Thu, 14 Jun 2018 09:24:04 GMT
      Content-Type:
      - application/hal+json; charset=utf-8
      Connection:
      - keep-alive
      Set-Cookie:
      - __cfduid=d62dd099e784f093d7d959f588e06ab681528968244; expires=Fri, 14-Jun-19
        09:24:04 GMT; path=/; domain=.stellar.org; HttpOnly
      Content-Disposition:
      - inline
      Vary:
      - Origin
      X-Ratelimit-Limit:
      - '17200'
      X-Ratelimit-Remaining:
      - '17179'
      X-Ratelimit-Reset:
      - '1550'
      Expect-Ct:
      - max-age=604800, report-uri="https://report-uri.cloudflare.com/cdn-cgi/beacon/expect-ct"
      Server:
      - cloudflare
      Cf-Ray:
      - 42abbde69e134f32-DME
    body:
      encoding: UTF-8
      string: |-
        {
          "_links": {
            "self": {
              "href": "https://horizon-testnet.stellar.org/accounts/GBTYV66THKPJR4UU5ZHONLRZJKWGGVOCYWVYOTWKJU75VN54K26C5VYG"
            },
            "transactions": {
              "href": "https://horizon-testnet.stellar.org/accounts/GBTYV66THKPJR4UU5ZHONLRZJKWGGVOCYWVYOTWKJU75VN54K26C5VYG/transactions{?cursor,limit,order}",
              "templated": true
            },
            "operations": {
              "href": "https://horizon-testnet.stellar.org/accounts/GBTYV66THKPJR4UU5ZHONLRZJKWGGVOCYWVYOTWKJU75VN54K26C5VYG/operations{?cursor,limit,order}",
              "templated": true
            },
            "payments": {
              "href": "https://horizon-testnet.stellar.org/accounts/GBTYV66THKPJR4UU5ZHONLRZJKWGGVOCYWVYOTWKJU75VN54K26C5VYG/payments{?cursor,limit,order}",
              "templated": true
            },
            "effects": {
              "href": "https://horizon-testnet.stellar.org/accounts/GBTYV66THKPJR4UU5ZHONLRZJKWGGVOCYWVYOTWKJU75VN54K26C5VYG/effects{?cursor,limit,order}",
              "templated": true
            },
            "offers": {
              "href": "https://horizon-testnet.stellar.org/accounts/GBTYV66THKPJR4UU5ZHONLRZJKWGGVOCYWVYOTWKJU75VN54K26C5VYG/offers{?cursor,limit,order}",
              "templated": true
            },
            "trades": {
              "href": "https://horizon-testnet.stellar.org/accounts/GBTYV66THKPJR4UU5ZHONLRZJKWGGVOCYWVYOTWKJU75VN54K26C5VYG/trades{?cursor,limit,order}",
              "templated": true
            },
            "data": {
              "href": "https://horizon-testnet.stellar.org/accounts/GBTYV66THKPJR4UU5ZHONLRZJKWGGVOCYWVYOTWKJU75VN54K26C5VYG/data/{key}",
              "templated": true
            }
          },
          "id": "GBTYV66THKPJR4UU5ZHONLRZJKWGGVOCYWVYOTWKJU75VN54K26C5VYG",
          "paging_token": "",
          "account_id": "GBTYV66THKPJR4UU5ZHONLRZJKWGGVOCYWVYOTWKJU75VN54K26C5VYG",
          "sequence": "36410258834325518",
          "subentry_count": 2,
          "thresholds": {
            "low_threshold": 0,
            "med_threshold": 0,
            "high_threshold": 0
          },
          "flags": {
            "auth_required": false,
            "auth_revocable": false
          },
          "balances": [
            {
              "balance": "965.0000000",
              "limit": "922337203685.0000000",
              "asset_type": "credit_alphanum4",
              "asset_code": "MOBI",
              "asset_issuer": "GDRWBLJURXUKM4RWDZDTPJNX6XBYFO3PSE4H4GPUL6H6RCUQVKTSD4AT"
            },
            {
              "balance": "9999.9998400",
              "asset_type": "native"
            }
          ],
          "signers": [
            {
              "weight": 1,
              "key": "GBG4NNZZNVSCQ4SZETMHY6NJUZRMZJ27IPC4UX53LEUVKVRARFETTR4H",
              "type": "ed25519_public_key"
            },
            {
              "weight": 10,
              "key": "GBTYV66THKPJR4UU5ZHONLRZJKWGGVOCYWVYOTWKJU75VN54K26C5VYG",
              "type": "ed25519_public_key"
            }
          ],
          "data": {}
        }
    http_version: 
  recorded_at: Thu, 14 Jun 2018 09:24:04 GMT
- request:
    method: post
    uri: https://horizon-testnet.stellar.org/transactions
    body:
      encoding: UTF-8
      string: tx=AAAAAGeK%2B9M6npjylO5O5q45SqxjVcLFq4dOyk0%2F2re8VrwuAAAAZACBWvAAAAAPAAAAAAAAAAAAAAABAAAAAQAAAABNxrc5bWQoclkk2Hx5qaZizKdfQ8XKX7tZKVVWIIlJOQAAAAEAAAAAZ4r70zqemPKU7k7mrjlKrGNVwsWrh07KTT%2Fat7xWvC4AAAABTU9CSQAAAADjYK00jeimcjYeRzelt%2FXDgrtvkTh%2BGfRfj%2BiKkKqnIQAAAAAC%2BvCAAAAAAAAAAAEgiUk5AAAAQMqU5CprfScVrXA3sJtHCOJsY9nJSbcEfmHpaW7PFEeEMRvcD1wbyt9m5DzaxRr7g16lW09Q%2B4QMg2eRFnPioAc%3D
    headers:
      User-Agent:
      - Faraday v0.15.0
      Accept:
      - application/hal+json,application/problem+json,application/json
      Content-Type:
      - application/x-www-form-urlencoded
  response:
    status:
      code: 200
      message: OK
    headers:
      Date:
      - Thu, 14 Jun 2018 09:24:09 GMT
      Content-Type:
      - application/hal+json; charset=utf-8
      Connection:
      - keep-alive
      Set-Cookie:
      - __cfduid=d5b2f4cd067cfbc0c24ba00fda24a39f51528968245; expires=Fri, 14-Jun-19
        09:24:05 GMT; path=/; domain=.stellar.org; HttpOnly
      Content-Disposition:
      - inline
      Vary:
      - Origin
      X-Ratelimit-Limit:
      - '17200'
      X-Ratelimit-Remaining:
      - '17178'
      X-Ratelimit-Reset:
      - '1549'
      Expect-Ct:
      - max-age=604800, report-uri="https://report-uri.cloudflare.com/cdn-cgi/beacon/expect-ct"
      Server:
      - cloudflare
      Cf-Ray:
      - 42abbdebcac38fc9-DME
    body:
      encoding: UTF-8
      string: |-
        {
          "_links": {
            "transaction": {
              "href": "https://horizon-testnet.stellar.org/transactions/3ff2946feacd74bae2ec4280f3a75a5c0db26fa9c7076e501a351c674f855724"
            }
          },
          "hash": "3ff2946feacd74bae2ec4280f3a75a5c0db26fa9c7076e501a351c674f855724",
          "ledger": 9492008,
          "envelope_xdr": "AAAAAGeK+9M6npjylO5O5q45SqxjVcLFq4dOyk0/2re8VrwuAAAAZACBWvAAAAAPAAAAAAAAAAAAAAABAAAAAQAAAABNxrc5bWQoclkk2Hx5qaZizKdfQ8XKX7tZKVVWIIlJOQAAAAEAAAAAZ4r70zqemPKU7k7mrjlKrGNVwsWrh07KTT/at7xWvC4AAAABTU9CSQAAAADjYK00jeimcjYeRzelt/XDgrtvkTh+GfRfj+iKkKqnIQAAAAAC+vCAAAAAAAAAAAEgiUk5AAAAQMqU5CprfScVrXA3sJtHCOJsY9nJSbcEfmHpaW7PFEeEMRvcD1wbyt9m5DzaxRr7g16lW09Q+4QMg2eRFnPioAc=",
          "result_xdr": "AAAAAAAAAGQAAAAAAAAAAQAAAAAAAAABAAAAAAAAAAA=",
          "result_meta_xdr": "AAAAAAAAAAEAAAAEAAAAAwCQ1hEAAAABAAAAAE3GtzltZChyWSTYfHmppmLMp19Dxcpfu1kpVVYgiUk5AAAAAU1PQkkAAAAA42CtNI3opnI2Hkc3pbf1w4K7b5E4fhn0X4/oipCqpyEAAAACURDzgH//////tyCAAAAAAQAAAAAAAAAAAAAAAQCQ1igAAAABAAAAAE3GtzltZChyWSTYfHmppmLMp19Dxcpfu1kpVVYgiUk5AAAAAU1PQkkAAAAA42CtNI3opnI2Hkc3pbf1w4K7b5E4fhn0X4/oipCqpyEAAAACThYDAH//////tyCAAAAAAQAAAAAAAAAAAAAAAwCQ1gAAAAABAAAAAGeK+9M6npjylO5O5q45SqxjVcLFq4dOyk0/2re8VrwuAAAAAU1PQkkAAAAA42CtNI3opnI2Hkc3pbf1w4K7b5E4fhn0X4/oipCqpyEAAAACPy9QgH//////tyCAAAAAAQAAAAAAAAAAAAAAAQCQ1igAAAABAAAAAGeK+9M6npjylO5O5q45SqxjVcLFq4dOyk0/2re8VrwuAAAAAU1PQkkAAAAA42CtNI3opnI2Hkc3pbf1w4K7b5E4fhn0X4/oipCqpyEAAAACQipBAH//////tyCAAAAAAQAAAAAAAAAA"
        }
    http_version: 
  recorded_at: Thu, 14 Jun 2018 09:24:09 GMT
- request:
    method: get
    uri: https://horizon-testnet.stellar.org/accounts/GBG4NNZZNVSCQ4SZETMHY6NJUZRMZJ27IPC4UX53LEUVKVRARFETTR4H
    body:
      encoding: US-ASCII
      string: ''
    headers:
      User-Agent:
      - Faraday v0.15.0
      Accept:
      - application/hal+json,application/problem+json,application/json
  response:
    status:
      code: 200
      message: OK
    headers:
      Date:
      - Thu, 14 Jun 2018 09:24:09 GMT
      Content-Type:
      - application/hal+json; charset=utf-8
      Connection:
      - keep-alive
      Set-Cookie:
      - __cfduid=dfe82d4aba5038519ab98ae7c0c5404601528968249; expires=Fri, 14-Jun-19
        09:24:09 GMT; path=/; domain=.stellar.org; HttpOnly
      Content-Disposition:
      - inline
      Vary:
      - Origin
      X-Ratelimit-Limit:
      - '17200'
      X-Ratelimit-Remaining:
      - '17177'
      X-Ratelimit-Reset:
      - '1546'
      Expect-Ct:
      - max-age=604800, report-uri="https://report-uri.cloudflare.com/cdn-cgi/beacon/expect-ct"
      Server:
      - cloudflare
      Cf-Ray:
      - 42abbe0648119023-DME
    body:
      encoding: UTF-8
      string: |-
        {
          "_links": {
            "self": {
              "href": "https://horizon-testnet.stellar.org/accounts/GBG4NNZZNVSCQ4SZETMHY6NJUZRMZJ27IPC4UX53LEUVKVRARFETTR4H"
            },
            "transactions": {
              "href": "https://horizon-testnet.stellar.org/accounts/GBG4NNZZNVSCQ4SZETMHY6NJUZRMZJ27IPC4UX53LEUVKVRARFETTR4H/transactions{?cursor,limit,order}",
              "templated": true
            },
            "operations": {
              "href": "https://horizon-testnet.stellar.org/accounts/GBG4NNZZNVSCQ4SZETMHY6NJUZRMZJ27IPC4UX53LEUVKVRARFETTR4H/operations{?cursor,limit,order}",
              "templated": true
            },
            "payments": {
              "href": "https://horizon-testnet.stellar.org/accounts/GBG4NNZZNVSCQ4SZETMHY6NJUZRMZJ27IPC4UX53LEUVKVRARFETTR4H/payments{?cursor,limit,order}",
              "templated": true
            },
            "effects": {
              "href": "https://horizon-testnet.stellar.org/accounts/GBG4NNZZNVSCQ4SZETMHY6NJUZRMZJ27IPC4UX53LEUVKVRARFETTR4H/effects{?cursor,limit,order}",
              "templated": true
            },
            "offers": {
              "href": "https://horizon-testnet.stellar.org/accounts/GBG4NNZZNVSCQ4SZETMHY6NJUZRMZJ27IPC4UX53LEUVKVRARFETTR4H/offers{?cursor,limit,order}",
              "templated": true
            },
            "trades": {
              "href": "https://horizon-testnet.stellar.org/accounts/GBG4NNZZNVSCQ4SZETMHY6NJUZRMZJ27IPC4UX53LEUVKVRARFETTR4H/trades{?cursor,limit,order}",
              "templated": true
            },
            "data": {
              "href": "https://horizon-testnet.stellar.org/accounts/GBG4NNZZNVSCQ4SZETMHY6NJUZRMZJ27IPC4UX53LEUVKVRARFETTR4H/data/{key}",
              "templated": true
            }
          },
          "id": "GBG4NNZZNVSCQ4SZETMHY6NJUZRMZJ27IPC4UX53LEUVKVRARFETTR4H",
          "paging_token": "",
          "account_id": "GBG4NNZZNVSCQ4SZETMHY6NJUZRMZJ27IPC4UX53LEUVKVRARFETTR4H",
          "sequence": "36410250244390918",
          "subentry_count": 1,
          "thresholds": {
            "low_threshold": 0,
            "med_threshold": 0,
            "high_threshold": 0
          },
          "flags": {
            "auth_required": false,
            "auth_revocable": false
          },
          "balances": [
            {
              "balance": "990.0000000",
              "limit": "922337203685.0000000",
              "asset_type": "credit_alphanum4",
              "asset_code": "MOBI",
              "asset_issuer": "GDRWBLJURXUKM4RWDZDTPJNX6XBYFO3PSE4H4GPUL6H6RCUQVKTSD4AT"
            },
            {
              "balance": "9999.9999400",
              "asset_type": "native"
            }
          ],
          "signers": [
            {
              "weight": 1,
              "key": "GBG4NNZZNVSCQ4SZETMHY6NJUZRMZJ27IPC4UX53LEUVKVRARFETTR4H",
              "type": "ed25519_public_key"
            }
          ],
          "data": {}
        }
    http_version: 
  recorded_at: Thu, 14 Jun 2018 09:24:09 GMT
- request:
    method: get
    uri: https://horizon-testnet.stellar.org/accounts/GBTYV66THKPJR4UU5ZHONLRZJKWGGVOCYWVYOTWKJU75VN54K26C5VYG
    body:
      encoding: US-ASCII
      string: ''
    headers:
      User-Agent:
      - Faraday v0.15.0
      Accept:
      - application/hal+json,application/problem+json,application/json
  response:
    status:
      code: 200
      message: OK
    headers:
      Date:
      - Thu, 14 Jun 2018 09:24:09 GMT
      Content-Type:
      - application/hal+json; charset=utf-8
      Connection:
      - keep-alive
      Set-Cookie:
      - __cfduid=dd82a2b97812e4e52a40dbb60f395659d1528968249; expires=Fri, 14-Jun-19
        09:24:09 GMT; path=/; domain=.stellar.org; HttpOnly
      Content-Disposition:
      - inline
      Vary:
      - Origin
      X-Ratelimit-Limit:
      - '17200'
      X-Ratelimit-Remaining:
      - '17178'
      X-Ratelimit-Reset:
      - '1543'
      Expect-Ct:
      - max-age=604800, report-uri="https://report-uri.cloudflare.com/cdn-cgi/beacon/expect-ct"
      Server:
      - cloudflare
      Cf-Ray:
      - 42abbe08fc87902f-DME
    body:
      encoding: UTF-8
      string: |-
        {
          "_links": {
            "self": {
              "href": "https://horizon-testnet.stellar.org/accounts/GBTYV66THKPJR4UU5ZHONLRZJKWGGVOCYWVYOTWKJU75VN54K26C5VYG"
            },
            "transactions": {
              "href": "https://horizon-testnet.stellar.org/accounts/GBTYV66THKPJR4UU5ZHONLRZJKWGGVOCYWVYOTWKJU75VN54K26C5VYG/transactions{?cursor,limit,order}",
              "templated": true
            },
            "operations": {
              "href": "https://horizon-testnet.stellar.org/accounts/GBTYV66THKPJR4UU5ZHONLRZJKWGGVOCYWVYOTWKJU75VN54K26C5VYG/operations{?cursor,limit,order}",
              "templated": true
            },
            "payments": {
              "href": "https://horizon-testnet.stellar.org/accounts/GBTYV66THKPJR4UU5ZHONLRZJKWGGVOCYWVYOTWKJU75VN54K26C5VYG/payments{?cursor,limit,order}",
              "templated": true
            },
            "effects": {
              "href": "https://horizon-testnet.stellar.org/accounts/GBTYV66THKPJR4UU5ZHONLRZJKWGGVOCYWVYOTWKJU75VN54K26C5VYG/effects{?cursor,limit,order}",
              "templated": true
            },
            "offers": {
              "href": "https://horizon-testnet.stellar.org/accounts/GBTYV66THKPJR4UU5ZHONLRZJKWGGVOCYWVYOTWKJU75VN54K26C5VYG/offers{?cursor,limit,order}",
              "templated": true
            },
            "trades": {
              "href": "https://horizon-testnet.stellar.org/accounts/GBTYV66THKPJR4UU5ZHONLRZJKWGGVOCYWVYOTWKJU75VN54K26C5VYG/trades{?cursor,limit,order}",
              "templated": true
            },
            "data": {
              "href": "https://horizon-testnet.stellar.org/accounts/GBTYV66THKPJR4UU5ZHONLRZJKWGGVOCYWVYOTWKJU75VN54K26C5VYG/data/{key}",
              "templated": true
            }
          },
          "id": "GBTYV66THKPJR4UU5ZHONLRZJKWGGVOCYWVYOTWKJU75VN54K26C5VYG",
          "paging_token": "",
          "account_id": "GBTYV66THKPJR4UU5ZHONLRZJKWGGVOCYWVYOTWKJU75VN54K26C5VYG",
          "sequence": "36410258834325519",
          "subentry_count": 2,
          "thresholds": {
            "low_threshold": 0,
            "med_threshold": 0,
            "high_threshold": 0
          },
          "flags": {
            "auth_required": false,
            "auth_revocable": false
          },
          "balances": [
            {
              "balance": "970.0000000",
              "limit": "922337203685.0000000",
              "asset_type": "credit_alphanum4",
              "asset_code": "MOBI",
              "asset_issuer": "GDRWBLJURXUKM4RWDZDTPJNX6XBYFO3PSE4H4GPUL6H6RCUQVKTSD4AT"
            },
            {
              "balance": "9999.9998300",
              "asset_type": "native"
            }
          ],
          "signers": [
            {
              "weight": 1,
              "key": "GBG4NNZZNVSCQ4SZETMHY6NJUZRMZJ27IPC4UX53LEUVKVRARFETTR4H",
              "type": "ed25519_public_key"
            },
            {
              "weight": 10,
              "key": "GBTYV66THKPJR4UU5ZHONLRZJKWGGVOCYWVYOTWKJU75VN54K26C5VYG",
              "type": "ed25519_public_key"
            }
          ],
          "data": {}
        }
    http_version: 
  recorded_at: Thu, 14 Jun 2018 09:24:09 GMT
recorded_with: VCR 3.0.3
